Starting test runner...
Running verification/verify_all_new_features.js...
PASS: verification/verify_all_new_features.js
Running verification/verify_anvil.js...
PASS: verification/verify_anvil.js
Running verification/verify_armor.js...
PASS: verification/verify_armor.js
Running verification/verify_blocks.js...
PASS: verification/verify_blocks.js
Running verification/verify_blocks_added.js...
PASS: verification/verify_blocks_added.js
Running verification/verify_brewing.js...
PASS: verification/verify_brewing.js
Running verification/verify_bug_fixes.js...
PASS: verification/verify_bug_fixes.js
Running verification/verify_bug_fixes_v2.js...
PASS: verification/verify_bug_fixes_v2.js
Running verification/verify_bug_fixes_v3.js...
PASS: verification/verify_bug_fixes_v3.js
Running verification/verify_changes.py...
FAIL: verification/verify_changes.py
--- STDOUT ---

--- STDERR ---
Traceback (most recent call last):
  File "/app/verification/verify_changes.py", line 39, in <module>
    run()
  File "/app/verification/verify_changes.py", line 8, in run
    page.goto("http://localhost:3000")
  File "/home/jules/.pyenv/versions/3.12.13/lib/python3.12/site-packages/playwright/sync_api/_generated.py", line 9054, in goto
    self._sync(
  File "/home/jules/.pyenv/versions/3.12.13/lib/python3.12/site-packages/playwright/_impl/_sync_base.py", line 115, in _sync
    return task.result()
           ^^^^^^^^^^^^^
  File "/home/jules/.pyenv/versions/3.12.13/lib/python3.12/site-packages/playwright/_impl/_page.py", line 552, in goto
    return await self._main_frame.goto(**locals_to_params(locals()))
           ^^^^^^^^^^^^^^^^^^^^^^^^^^^^^^^^^^^^^^^^^^^^^^^^^^^^^^^^^
  File "/home/jules/.pyenv/versions/3.12.13/lib/python3.12/site-packages/playwright/_impl/_frame.py", line 153, in goto
    await self._channel.send(
  File "/home/jules/.pyenv/versions/3.12.13/lib/python3.12/site-packages/playwright/_impl/_connection.py", line 69, in send
    return await self._connection.wrap_api_call(
           ^^^^^^^^^^^^^^^^^^^^^^^^^^^^^^^^^^^^^
  File "/home/jules/.pyenv/versions/3.12.13/lib/python3.12/site-packages/playwright/_impl/_connection.py", line 559, in wrap_api_call
    raise rewrite_error(error, f"{parsed_st['apiName']}: {error}") from None
playwright._impl._errors.Error: Page.goto: net::ERR_CONNECTION_REFUSED at http://localhost:3000/
Call log:
  - navigating to "http://localhost:3000/", waiting until "load"


--------------
Running verification/verify_crafting_recipes.js...
PASS: verification/verify_crafting_recipes.js
Running verification/verify_creative_bed.js...
PASS: verification/verify_creative_bed.js
Running verification/verify_day_night.js...
PASS: verification/verify_day_night.js
Running verification/verify_enchanting.js...
PASS: verification/verify_enchanting.js
Running verification/verify_fall_damage.js...
PASS: verification/verify_fall_damage.js
Running verification/verify_farming_advanced.js...
PASS: verification/verify_farming_advanced.js
Running verification/verify_fishing.js...
PASS: verification/verify_fishing.js
Running verification/verify_game_loads.py...
PASS: verification/verify_game_loads.py
Running verification/verify_height_fix.js...
PASS: verification/verify_height_fix.js
Running verification/verify_hunger.js...
PASS: verification/verify_hunger.js
Running verification/verify_inventory.js...
PASS: verification/verify_inventory.js
Running verification/verify_jukebox.js...
PASS: verification/verify_jukebox.js
Running verification/verify_lighting.js...
PASS: verification/verify_lighting.js
Running verification/verify_metadata_save.js...
PASS: verification/verify_metadata_save.js
Running verification/verify_milking_shearing.py...
FAIL: verification/verify_milking_shearing.py
--- STDOUT ---

--- STDERR ---
Traceback (most recent call last):
  File "/app/verification/verify_milking_shearing.py", line 88, in <module>
    test_milking_and_shearing()
  File "/app/verification/verify_milking_shearing.py", line 9, in test_milking_and_shearing
    page.goto("http://localhost:3000", wait_until="networkidle")
  File "/home/jules/.pyenv/versions/3.12.13/lib/python3.12/site-packages/playwright/sync_api/_generated.py", line 9054, in goto
    self._sync(
  File "/home/jules/.pyenv/versions/3.12.13/lib/python3.12/site-packages/playwright/_impl/_sync_base.py", line 115, in _sync
    return task.result()
           ^^^^^^^^^^^^^
  File "/home/jules/.pyenv/versions/3.12.13/lib/python3.12/site-packages/playwright/_impl/_page.py", line 552, in goto
    return await self._main_frame.goto(**locals_to_params(locals()))
           ^^^^^^^^^^^^^^^^^^^^^^^^^^^^^^^^^^^^^^^^^^^^^^^^^^^^^^^^^
  File "/home/jules/.pyenv/versions/3.12.13/lib/python3.12/site-packages/playwright/_impl/_frame.py", line 153, in goto
    await self._channel.send(
  File "/home/jules/.pyenv/versions/3.12.13/lib/python3.12/site-packages/playwright/_impl/_connection.py", line 69, in send
    return await self._connection.wrap_api_call(
           ^^^^^^^^^^^^^^^^^^^^^^^^^^^^^^^^^^^^^
  File "/home/jules/.pyenv/versions/3.12.13/lib/python3.12/site-packages/playwright/_impl/_connection.py", line 559, in wrap_api_call
    raise rewrite_error(error, f"{parsed_st['apiName']}: {error}") from None
playwright._impl._errors.Error: Page.goto: net::ERR_CONNECTION_REFUSED at http://localhost:3000/
Call log:
  - navigating to "http://localhost:3000/", waiting until "networkidle"


--------------
Running verification/verify_missing_features.js...
PASS: verification/verify_missing_features.js
Running verification/verify_mob_ai.js...
PASS: verification/verify_mob_ai.js
Running verification/verify_mobs.js...
PASS: verification/verify_mobs.js
Running verification/verify_mobs_advanced.js...
PASS: verification/verify_mobs_advanced.js
Running verification/verify_multiplayer.js...
PASS: verification/verify_multiplayer.js
Running verification/verify_nether.js...
PASS: verification/verify_nether.js
Running verification/verify_new_blocks.js...
PASS: verification/verify_new_blocks.js
Running verification/verify_new_features.js...
PASS: verification/verify_new_features.js
Running verification/verify_new_features_blocks.js...
PASS: verification/verify_new_features_blocks.js
Running verification/verify_new_mobs.js...
PASS: verification/verify_new_mobs.js
Running verification/verify_particles.js...
PASS: verification/verify_particles.js
Running verification/verify_pistons.js...
PASS: verification/verify_pistons.js
Running verification/verify_projectile.js...
PASS: verification/verify_projectile.js
Running verification/verify_projectile_v2.js...
PASS: verification/verify_projectile_v2.js
Running verification/verify_recent_features.js...
PASS: verification/verify_recent_features.js
Running verification/verify_recipe_discovery.js...
PASS: verification/verify_recipe_discovery.js
Running verification/verify_recipe_ui.py...
FAIL: verification/verify_recipe_ui.py
--- STDOUT ---

--- STDERR ---
Traceback (most recent call last):
  File "/app/verification/verify_recipe_ui.py", line 58, in <module>
    test_recipe_ui()
  File "/app/verification/verify_recipe_ui.py", line 12, in test_recipe_ui
    page.goto("http://localhost:3000", wait_until="networkidle")
  File "/home/jules/.pyenv/versions/3.12.13/lib/python3.12/site-packages/playwright/sync_api/_generated.py", line 9054, in goto
    self._sync(
  File "/home/jules/.pyenv/versions/3.12.13/lib/python3.12/site-packages/playwright/_impl/_sync_base.py", line 115, in _sync
    return task.result()
           ^^^^^^^^^^^^^
  File "/home/jules/.pyenv/versions/3.12.13/lib/python3.12/site-packages/playwright/_impl/_page.py", line 552, in goto
    return await self._main_frame.goto(**locals_to_params(locals()))
           ^^^^^^^^^^^^^^^^^^^^^^^^^^^^^^^^^^^^^^^^^^^^^^^^^^^^^^^^^
  File "/home/jules/.pyenv/versions/3.12.13/lib/python3.12/site-packages/playwright/_impl/_frame.py", line 153, in goto
    await self._channel.send(
  File "/home/jules/.pyenv/versions/3.12.13/lib/python3.12/site-packages/playwright/_impl/_connection.py", line 69, in send
    return await self._connection.wrap_api_call(
           ^^^^^^^^^^^^^^^^^^^^^^^^^^^^^^^^^^^^^
  File "/home/jules/.pyenv/versions/3.12.13/lib/python3.12/site-packages/playwright/_impl/_connection.py", line 559, in wrap_api_call
    raise rewrite_error(error, f"{parsed_st['apiName']}: {error}") from None
playwright._impl._errors.Error: Page.goto: net::ERR_CONNECTION_REFUSED at http://localhost:3000/
Call log:
  - navigating to "http://localhost:3000/", waiting until "networkidle"


--------------
Running verification/verify_redstone_interaction.js...
PASS: verification/verify_redstone_interaction.js
Running verification/verify_redstone_logic.js...
PASS: verification/verify_redstone_logic.js
Running verification/verify_rivers.js...
PASS: verification/verify_rivers.js
Running verification/verify_saplings.js...
PASS: verification/verify_saplings.js
Running verification/verify_save_load_ui.js...
PASS: verification/verify_save_load_ui.js
Running verification/verify_settings.js...
PASS: verification/verify_settings.js
Running verification/verify_settings_ui.py...
PASS: verification/verify_settings_ui.py
Running verification/verify_signs.js...
PASS: verification/verify_signs.js
Running verification/verify_stairs.js...
PASS: verification/verify_stairs.js
Running verification/verify_tnt.js...
PASS: verification/verify_tnt.js
Running verification/verify_tool_repair.js...
PASS: verification/verify_tool_repair.js
Running verification/verify_ui_elements.js...
PASS: verification/verify_ui_elements.js
Running verification/verify_ui_methods.js...
PASS: verification/verify_ui_methods.js
Running verification/verify_ui_systems.js...
PASS: verification/verify_ui_systems.js
Running verification/verify_vehicles.js...
PASS: verification/verify_vehicles.js
Running verification/verify_water_flow.js...
PASS: verification/verify_water_flow.js
Running verification/verify_weather.js...
PASS: verification/verify_weather.js
Running verification/verify_weather_tnt.js...
PASS: verification/verify_weather_tnt.js
Running verification/verify_world_gen.js...
PASS: verification/verify_world_gen.js
Running verification/verify_xp.js...
PASS: verification/verify_xp.js
Running tests/test_audit.js...
PASS: tests/test_audit.js
Running tests/test_bugs.js...
PASS: tests/test_bugs.js
Running tests/test_cactus_damage.js...
PASS: tests/test_cactus_damage.js
Running tests/test_comprehensive_coverage.js...
PASS: tests/test_comprehensive_coverage.js
Running tests/test_crafting.js...
PASS: tests/test_crafting.js
Running tests/test_dog_story.py...
PASS: tests/test_dog_story.py
Running tests/test_drops.js...
PASS: tests/test_drops.js
Running tests/test_features.js...
PASS: tests/test_features.js
Running tests/test_implemented_features.js...
PASS: tests/test_implemented_features.js
Running tests/test_lighting_bug.js...
PASS: tests/test_lighting_bug.js
Running tests/test_missing_coverage.js...
PASS: tests/test_missing_coverage.js
Running tests/test_mob.js...
PASS: tests/test_mob.js
Running tests/test_new_blocks.js...
PASS: tests/test_new_blocks.js
Running tests/test_new_features.js...
PASS: tests/test_new_features.js
Running tests/test_persistence.js...
PASS: tests/test_persistence.js
Running tests/test_recently_added_features.js...
PASS: tests/test_recently_added_features.js
Running tests/test_spawning.js...
PASS: tests/test_spawning.js
Running tests/test_textures.js...
PASS: tests/test_textures.js
Running tests/test_water_flow.js...
PASS: tests/test_water_flow.js
Running tests/test_world.js...
PASS: tests/test_world.js


=== Test Summary ===
Passed: 79
Failed: 3

Failed Tests:
- verification/verify_changes.py
- verification/verify_milking_shearing.py
- verification/verify_recipe_ui.py
